---
source: src/scanner.rs
expression: "scan_tokens(\"// asdf\")"
---
Ok(
    [
        Token {
            type_: EOF,
            lexeme: "",
            line: 1,
        },
    ],
)
