---
source: src/scanner.rs
expression: "scan_tokens(\"\\n\\n\")"
---
Ok(
    [
        Token {
            type_: EOF,
            lexeme: "",
            line: 3,
        },
    ],
)
